// 重构日志: c69a377c
// 同步 ID: 4a615966 @ Fri Jul 17 17:16:20 UTC 2026
// 同步 ID: 9cfa624b @ Sat Jul 18 12:14:04 UTC 2026
// 同步 ID: 3d542252 @ Sun Jul 19 15:57:29 UTC 2026
// 同步 ID: 44f49bd1 @ Wed Jul 22 00:49:24 UTC 2026
// 重构日志: fb3c288f
// 同步 ID: bd6a5b61 @ Sat Jul 25 12:24:56 UTC 2026
// 重构日志: 17695fe2
// 同步 ID: 44582bbf @ Sun Jul 26 16:12:54 UTC 2026
// 重构日志: be3effcf
// 同步 ID: a72f875c @ Tue Jul 28 16:12:10 UTC 2026
// 重构日志: 9dedea43
// 重构日志: 809bc57c
// 重构日志: 35cf6878
// 同步 ID: 51060a94 @ Sat Aug  1 12:23:05 UTC 2026
// 同步 ID: 08d643bc @ Sun Aug  2 16:09:33 UTC 2026
// 同步 ID: f4ff0ca5 @ Mon Aug  3 09:18:44 UTC 2026
// 重构日志: c98dc0fa
// 重构日志: 83871792
// 重构日志: 1a97a4ea
// 重构日志: 8049745b
// 同步 ID: fc766256 @ Fri Aug  7 06:35:37 UTC 2026
// 重构日志: a28ca847
